INFO: [VRFC 10-2263] Analyzing Verilog file "E:/Loongarch_cpu/output/vivado_cpu_origin/soc_verify/soc_bram/rtl/xilinx_ip/clk_pll/clk_pll_clk_wiz.v" into library xil_defaultlib
INFO: [VRFC 10-311] analyzing module clk_pll_clk_wiz
INFO: [VRFC 10-2263] Analyzing Verilog file "E:/Loongarch_cpu/output/vivado_cpu_origin/soc_verify/soc_bram/rtl/xilinx_ip/clk_pll/clk_pll.v" into library xil_defaultlib
INFO: [VRFC 10-311] analyzing module clk_pll
INFO: [VRFC 10-2263] Analyzing Verilog file "E:/Loongarch_cpu/output/vivado_cpu_origin/soc_verify/soc_bram/rtl/xilinx_ip/data_ram/sim/data_ram.v" into library xil_defaultlib
INFO: [VRFC 10-311] analyzing module data_ram
INFO: [VRFC 10-2263] Analyzing Verilog file "E:/Loongarch_cpu/output/vivado_cpu_origin/soc_verify/soc_bram/rtl/xilinx_ip/inst_ram/sim/inst_ram.v" into library xil_defaultlib
INFO: [VRFC 10-311] analyzing module inst_ram
INFO: [VRFC 10-2263] Analyzing Verilog file "E:/Loongarch_cpu/output/vivado_cpu_origin/myCPU/myCPU/ALU_srcGenerator.v" into library xil_defaultlib
INFO: [VRFC 10-311] analyzing module ALU_srcGenerator
INFO: [VRFC 10-2263] Analyzing Verilog file "E:/Loongarch_cpu/output/vivado_cpu_origin/myCPU/myCPU/EXE_MEM_reg.v" into library xil_defaultlib
INFO: [VRFC 10-311] analyzing module EXE_MEM_reg
INFO: [VRFC 10-2263] Analyzing Verilog file "E:/Loongarch_cpu/output/vivado_cpu_origin/myCPU/myCPU/EXEport.v" into library xil_defaultlib
INFO: [VRFC 10-311] analyzing module EXEport
WARNING: [VRFC 10-9336] redeclaration of ANSI port 'mem_op' is not allowed [E:/Loongarch_cpu/output/vivado_cpu_origin/myCPU/myCPU/EXEport.v:82]
ERROR: [VRFC 10-963] invalid initialization in declaration [E:/Loongarch_cpu/output/vivado_cpu_origin/myCPU/myCPU/EXEport.v:27]
WARNING: [VRFC 10-3419] illegal initial value of output port 'mem_op' for module 'EXEport' ignored [E:/Loongarch_cpu/output/vivado_cpu_origin/myCPU/myCPU/EXEport.v:27]
ERROR: [VRFC 10-2989] 'MEM_OP_ST_B' is not declared [E:/Loongarch_cpu/output/vivado_cpu_origin/myCPU/myCPU/EXEport.v:88]
ERROR: [VRFC 10-2989] 'MEM_OP_ST_H' is not declared [E:/Loongarch_cpu/output/vivado_cpu_origin/myCPU/myCPU/EXEport.v:89]
ERROR: [VRFC 10-2989] 'MEM_OP_ST_W' is not declared [E:/Loongarch_cpu/output/vivado_cpu_origin/myCPU/myCPU/EXEport.v:90]
ERROR: [VRFC 10-8530] module 'EXEport' is ignored due to previous errors [E:/Loongarch_cpu/output/vivado_cpu_origin/myCPU/myCPU/EXEport.v:3]
