Copyright 1986-2022 Xilinx, Inc. All Rights Reserved. Copyright 2022-2023 Advanced Micro Devices, Inc. All Rights Reserved.
---------------------------------------------------------------------------------------------------------------------------------------------
| Tool Version : Vivado v.2023.2 (win64) Build 4029153 Fri Oct 13 20:14:34 MDT 2023
| Date         : Fri May  8 23:24:30 2026
| Host         : DESKTOP-829P7GE running 64-bit major release  (build 9200)
| Command      : report_control_sets -verbose -file soc_lite_top_control_sets_placed.rpt
| Design       : soc_lite_top
| Device       : xc7a200t
---------------------------------------------------------------------------------------------------------------------------------------------

Control Set Information

Table of Contents
-----------------
1. Summary
2. Histogram
3. Flip-Flop Distribution
4. Detailed Control Set Information

1. Summary
----------

+----------------------------------------------------------+-------+
|                          Status                          | Count |
+----------------------------------------------------------+-------+
| Total control sets                                       |   133 |
|    Minimum number of control sets                        |   133 |
|    Addition due to synthesis replication                 |     0 |
|    Addition due to physical synthesis replication        |     0 |
| Unused register locations in slices containing registers |   293 |
+----------------------------------------------------------+-------+
* Control sets can be merged at opt_design using control_set_merge or merge_equivalent_drivers
** Run report_qor_suggestions for automated merging and remapping suggestions


2. Histogram
------------

+--------------------+-------+
|       Fanout       | Count |
+--------------------+-------+
| Total control sets |   133 |
| >= 0 to < 4        |     5 |
| >= 4 to < 6        |    16 |
| >= 6 to < 8        |     4 |
| >= 8 to < 10       |     8 |
| >= 10 to < 12      |     2 |
| >= 12 to < 14      |     2 |
| >= 14 to < 16      |     0 |
| >= 16              |    96 |
+--------------------+-------+
* Control sets can be remapped at either synth_design or opt_design


3. Flip-Flop Distribution
-------------------------

+--------------+-----------------------+------------------------+-----------------+--------------+
| Clock Enable | Synchronous Set/Reset | Asynchronous Set/Reset | Total Registers | Total Slices |
+--------------+-----------------------+------------------------+-----------------+--------------+
| No           | No                    | No                     |            4120 |          978 |
| No           | No                    | Yes                    |               0 |            0 |
| No           | Yes                   | No                     |            1519 |         1005 |
| Yes          | No                    | No                     |             351 |          151 |
| Yes          | No                    | Yes                    |               0 |            0 |
| Yes          | Yes                   | No                     |            5685 |         2194 |
+--------------+-----------------------+------------------------+-----------------+--------------+


4. Detailed Control Set Information
-----------------------------------

+-----------------------------+------------------------------------------------------------------------------------------------------------------------------------------------------+--------------------------------------------------------------------------------------------------------------------------+------------------+----------------+--------------+
|         Clock Signal        |                                                                     Enable Signal                                                                    |                                                     Set/Reset Signal                                                     | Slice Load Count | Bel Load Count | Bels / Slice |
+-----------------------------+------------------------------------------------------------------------------------------------------------------------------------------------------+--------------------------------------------------------------------------------------------------------------------------+------------------+----------------+--------------+
|  pll.clk_pll/inst/cpu_clk   | u_axi_crossbar_1x2/inst/gen_samd.crossbar_samd/gen_master_slots[2].reg_slice_mi/r.r_pipe/s_ready_i_reg_0                                             |                                                                                                                          |                1 |              1 |         1.00 |
|  pll.clk_pll/inst/cpu_clk   | u_axi_crossbar_1x2/inst/gen_samd.crossbar_samd/gen_slave_slots[0].gen_si_read.si_transactor_ar/gen_multi_thread.arbiter_resp_inst/E[0]               |                                                                                                                          |                1 |              1 |         1.00 |
|  pll.clk_pll/inst/cpu_clk   | u_axi_crossbar_1x2/inst/gen_samd.crossbar_samd/gen_slave_slots[0].gen_si_write.wdata_router_w/wrouter_aw_fifo/gen_srls[0].gen_rep[1].srl_nx1/push    |                                                                                                                          |                1 |              2 |         2.00 |
|  pll.clk_pll/inst/cpu_clk   | u_axi_ram/ram/U0/inst_blk_mem_gen/gnbram.gaxibmg.axi_rd_sm/axi_read_fsm/s_axi_arvalid_0                                                              | u_axi_ram/ram/U0/inst_blk_mem_gen/gnbram.gaxibmg.axi_blk_mem_gen/valid.cstr/ramloop[255].ram.r/prim_init.ram/s_aresetn_0 |                3 |              3 |         1.00 |
|  pll.clk_pll/inst/cpu_clk   | u_axi_ram/ram/U0/inst_blk_mem_gen/gnbram.gaxibmg.axi_wr_fsm/axi_wr_fsm/addr_en_c                                                                     | u_axi_ram/ram/U0/inst_blk_mem_gen/gnbram.gaxibmg.axi_blk_mem_gen/valid.cstr/ramloop[255].ram.r/prim_init.ram/s_aresetn_0 |                2 |              3 |         1.50 |
|  pll.clk_pll/inst/cpu_clk   | u_cpu/u_IFport/hold_tlb_ex_valid[5]_i_1_n_0                                                                                                          |                                                                                                                          |                1 |              4 |         4.00 |
|  pll.clk_pll/inst/cpu_clk   | u_cpu/u_MEM_WB_reg/exception_valid_out_reg_4[0]                                                                                                      | u_cpu/reset                                                                                                              |                3 |              4 |         1.33 |
|  pll.clk_pll/inst/cpu_clk   | u_axi_crossbar_1x2/inst/gen_samd.crossbar_samd/gen_master_slots[1].reg_slice_mi/b.b_pipe/m_valid_i_reg_inv_0                                         |                                                                                                                          |                1 |              4 |         4.00 |
|  pll.clk_pll/inst/cpu_clk   |                                                                                                                                                      | u_confreg/state_count0                                                                                                   |                1 |              4 |         4.00 |
|  pll.clk_pll/inst/cpu_clk   |                                                                                                                                                      | u_cpu/u_dcache/FSM_sequential_state[1]_i_1_n_0                                                                           |                1 |              4 |         4.00 |
|  pll.clk_pll/inst/cpu_clk   | cpu_resetn                                                                                                                                           |                                                                                                                          |                1 |              4 |         4.00 |
|  pll.clk_pll/inst/cpu_clk   | u_axi_crossbar_1x2/inst/gen_samd.crossbar_samd/gen_slave_slots[0].gen_si_write.wdata_router_w/wrouter_aw_fifo/m_valid_i                              | u_axi_crossbar_1x2/inst/gen_samd.crossbar_samd/gen_slave_slots[0].gen_si_write.wdata_router_w/wrouter_aw_fifo/areset_d1  |                1 |              4 |         4.00 |
|  pll.clk_pll/inst/cpu_clk   | u_axi_crossbar_1x2/inst/gen_samd.crossbar_samd/gen_slave_slots[0].gen_si_write.si_transactor_aw/gen_multi_thread.cmd_push_3                          | u_axi_crossbar_1x2/inst/gen_samd.crossbar_samd/addr_arbiter_ar/SR[0]                                                     |                2 |              5 |         2.50 |
|  pll.clk_pll/inst/cpu_clk   | u_axi_crossbar_1x2/inst/gen_samd.crossbar_samd/gen_slave_slots[0].gen_si_read.si_transactor_ar/gen_multi_thread.cmd_push_0                           | u_axi_crossbar_1x2/inst/gen_samd.crossbar_samd/addr_arbiter_ar/SR[0]                                                     |                1 |              5 |         5.00 |
|  pll.clk_pll/inst/cpu_clk   | u_axi_crossbar_1x2/inst/gen_samd.crossbar_samd/gen_slave_slots[0].gen_si_read.si_transactor_ar/gen_multi_thread.cmd_push_1                           | u_axi_crossbar_1x2/inst/gen_samd.crossbar_samd/addr_arbiter_ar/SR[0]                                                     |                2 |              5 |         2.50 |
|  pll.clk_pll/inst/cpu_clk   | u_cpu/u_MEM_WB_reg/csr_redirect[0]                                                                                                                   | u_cpu/reset                                                                                                              |                2 |              5 |         2.50 |
|  pll.clk_pll/inst/cpu_clk   | u_axi_crossbar_1x2/inst/gen_samd.crossbar_samd/gen_slave_slots[0].gen_si_write.si_transactor_aw/gen_multi_thread.cmd_push_2                          | u_axi_crossbar_1x2/inst/gen_samd.crossbar_samd/addr_arbiter_ar/SR[0]                                                     |                1 |              5 |         5.00 |
|  pll.clk_pll/inst/cpu_clk   | u_axi_crossbar_1x2/inst/gen_samd.crossbar_samd/gen_slave_slots[0].gen_si_write.si_transactor_aw/gen_multi_thread.cmd_push_1                          | u_axi_crossbar_1x2/inst/gen_samd.crossbar_samd/addr_arbiter_ar/SR[0]                                                     |                2 |              5 |         2.50 |
|  pll.clk_pll/inst/cpu_clk   | u_axi_crossbar_1x2/inst/gen_samd.crossbar_samd/gen_slave_slots[0].gen_si_write.si_transactor_aw/gen_multi_thread.cmd_push_0                          | u_axi_crossbar_1x2/inst/gen_samd.crossbar_samd/addr_arbiter_ar/SR[0]                                                     |                2 |              5 |         2.50 |
|  pll.clk_pll/inst/cpu_clk   | u_axi_crossbar_1x2/inst/gen_samd.crossbar_samd/gen_slave_slots[0].gen_si_read.si_transactor_ar/gen_multi_thread.cmd_push_2                           | u_axi_crossbar_1x2/inst/gen_samd.crossbar_samd/addr_arbiter_ar/SR[0]                                                     |                2 |              5 |         2.50 |
|  pll.clk_pll/inst/cpu_clk   | u_axi_crossbar_1x2/inst/gen_samd.crossbar_samd/gen_slave_slots[0].gen_si_read.si_transactor_ar/gen_multi_thread.cmd_push_3                           | u_axi_crossbar_1x2/inst/gen_samd.crossbar_samd/addr_arbiter_ar/SR[0]                                                     |                2 |              5 |         2.50 |
|  pll.clk_pll/inst/cpu_clk   |                                                                                                                                                      | u_axi_crossbar_1x2/inst/gen_samd.crossbar_samd/gen_master_slots[1].reg_slice_mi/b.b_pipe/aresetn_d_reg[0]_0              |                3 |              6 |         2.00 |
|  pll.clk_pll/inst/cpu_clk   |                                                                                                                                                      | u_axi_crossbar_1x2/inst/gen_samd.crossbar_samd/gen_master_slots[1].reg_slice_mi/b.b_pipe/aresetn_d_reg[1]_1              |                4 |              6 |         1.50 |
|  pll.clk_pll/inst/cpu_clk   | u_confreg/state_count_reg[3]                                                                                                                         | u_cpu/u_l2cache/cpu_resetn_reg                                                                                           |                3 |              6 |         2.00 |
|  pll.clk_pll/inst/cpu_clk   | u_cpu/u_MEM_WB_reg/tlb_op_out_reg[1]_2                                                                                                               | u_cpu/reset                                                                                                              |                2 |              6 |         3.00 |
|  pll.clk_pll/inst/cpu_clk   | u_confreg/write_uart_valid                                                                                                                           | u_cpu/u_l2cache/cpu_resetn_reg                                                                                           |                2 |              8 |         4.00 |
|  pll.clk_pll/inst/cpu_clk   | u_axi_ram/ram/U0/inst_blk_mem_gen/gnbram.gaxibmg.axi_wr_fsm/axi_wr_fsm/E[0]                                                                          | u_axi_ram/ram/U0/inst_blk_mem_gen/gnbram.gaxibmg.axi_blk_mem_gen/valid.cstr/ramloop[255].ram.r/prim_init.ram/s_aresetn_0 |                4 |              8 |         2.00 |
|  pll.clk_pll/inst/cpu_clk   | u_cpu/u_dcache/initing                                                                                                                               | u_cpu/u_l2cache/cpu_resetn_reg                                                                                           |                4 |              8 |         2.00 |
|  pll.clk_pll/inst/cpu_clk   | u_cpu/u_icache/state_reg[1]_1                                                                                                                        | u_cpu/u_l2cache/cpu_resetn_reg                                                                                           |                3 |              8 |         2.67 |
|  pll.clk_pll/inst/cpu_clk   | u_axi_ram/ram/U0/inst_blk_mem_gen/gnbram.gaxibmg.axi_rd_sm/axi_read_fsm/FSM_sequential_gaxi_full_sm.present_state_reg[1]_0[0]                        | u_axi_ram/ram/U0/inst_blk_mem_gen/gnbram.gaxibmg.axi_blk_mem_gen/valid.cstr/ramloop[255].ram.r/prim_init.ram/s_aresetn_0 |                4 |              8 |         2.00 |
|  pll.clk_pll/inst/cpu_clk   | u_axi_crossbar_1x2/inst/gen_samd.crossbar_samd/gen_decerr_slave.decerr_slave_inst/gen_axi.read_cnt[7]_i_1_n_0                                        | u_axi_crossbar_1x2/inst/gen_samd.crossbar_samd/addr_arbiter_ar/SR[0]                                                     |                3 |              8 |         2.67 |
|  pll.clk_pll/inst/cpu_clk   | u_axi_ram/ram/U0/inst_blk_mem_gen/gnbram.gaxibmg.axi_wr_fsm/axi_wr_fsm/p_0_in1_out                                                                   |                                                                                                                          |                1 |              8 |         8.00 |
|  pll.clk_pll/inst/cpu_clk   | u_cpu/u_l2cache/init_set                                                                                                                             | u_cpu/u_l2cache/cpu_resetn_reg                                                                                           |                3 |              9 |         3.00 |
|  pll.clk_pll/inst/cpu_clk   | u_cpu/u_MEM_WB_reg/reset_reg_2                                                                                                                       | u_cpu/reset                                                                                                              |                3 |             10 |         3.33 |
|  pll.clk_pll/inst/cpu_clk   | u_cpu/u_MEM_WB_reg/tlb_op_out_reg[0]_0                                                                                                               | u_cpu/reset                                                                                                              |                4 |             11 |         2.75 |
|  pll.clk_pll/inst/cpu_clk   | u_cpu/u_MEM_WB_reg/csr_num_out_reg[2]_4[0]                                                                                                           | u_cpu/reset                                                                                                              |                9 |             12 |         1.33 |
|  pll.clk_pll/inst/cpu_clk   | u_axi_ram/ram/U0/inst_blk_mem_gen/gnbram.gaxibmg.axi_rd_sm/axi_read_fsm/E[0]                                                                         |                                                                                                                          |                5 |             13 |         2.60 |
|  pll.clk_pll/inst/cpu_clk   | u_confreg/led_data[15]_i_1_n_0                                                                                                                       | u_cpu/u_l2cache/cpu_resetn_reg                                                                                           |                9 |             16 |         1.78 |
|  pll.clk_pll/inst/cpu_clk   | u_confreg/busy01_out                                                                                                                                 | u_cpu/u_l2cache/cpu_resetn_reg                                                                                           |                6 |             17 |         2.83 |
|  pll.clk_pll/inst/cpu_clk   | u_cpu/u_MEM_WB_reg/tlb_op_out_reg[1]_1[0]                                                                                                            | u_cpu/reset                                                                                                              |               15 |             19 |         1.27 |
|  pll.clk_pll/inst/cpu_clk   |                                                                                                                                                      | u_confreg/key_count0                                                                                                     |                5 |             20 |         4.00 |
|  pll.clk_pll/inst/cpu_clk   |                                                                                                                                                      | u_confreg/step0_count0                                                                                                   |                5 |             20 |         4.00 |
|  pll.clk_pll/inst/cpu_clk   | u_cpu/u_MEM_WB_reg/p_0_in0                                                                                                                           | u_cpu/reset                                                                                                              |                9 |             20 |         2.22 |
|  pll.clk_pll/inst/cpu_clk   |                                                                                                                                                      | u_confreg/step1_count0                                                                                                   |                5 |             20 |         4.00 |
|  pll.clk_pll/inst/cpu_clk   | u_axi_ram/ram/U0/inst_blk_mem_gen/gnbram.gaxibmg.axi_wr_fsm/axi_wr_fsm/s_axi_wvalid_0[0]                                                             | u_axi_ram/ram/U0/inst_blk_mem_gen/gnbram.gaxibmg.axi_blk_mem_gen/valid.cstr/ramloop[255].ram.r/prim_init.ram/s_aresetn_0 |                8 |             21 |         2.62 |
|  pll.clk_pll/inst/cpu_clk   |                                                                                                                                                      | u_axi_ram/ram/U0/inst_blk_mem_gen/gnbram.gaxibmg.axi_blk_mem_gen/valid.cstr/ramloop[255].ram.r/prim_init.ram/s_aresetn_0 |               12 |             21 |         1.75 |
|  pll.clk_pll/inst/cpu_clk   | u_axi_ram/ram/U0/inst_blk_mem_gen/gnbram.gaxibmg.axi_rd_sm/axi_read_fsm/s_axi_arvalid_1[0]                                                           | u_axi_ram/ram/U0/inst_blk_mem_gen/gnbram.gaxibmg.axi_blk_mem_gen/valid.cstr/ramloop[255].ram.r/prim_init.ram/s_aresetn_0 |               10 |             21 |         2.10 |
|  pll.clk_pll/inst/cpu_clk   | u_cpu/u_MEM_WB_reg/csr_num_out_reg[0]_4[0]                                                                                                           | u_cpu/reset                                                                                                              |               16 |             26 |         1.62 |
|  pll.clk_pll/inst/cpu_clk   | u_cpu/u_l2cache/pf_addr                                                                                                                              | u_cpu/u_l2cache/cpu_resetn_reg                                                                                           |                8 |             28 |         3.50 |
|  pll.clk_pll/inst/cpu_clk   | u_axi_crossbar_1x2/inst/gen_samd.crossbar_samd/addr_arbiter_ar/p_1_in                                                                                | u_axi_crossbar_1x2/inst/gen_samd.crossbar_samd/addr_arbiter_ar/SR[0]                                                     |                7 |             28 |         4.00 |
|  pll.clk_pll/inst/cpu_clk   | u_axi_crossbar_1x2/inst/gen_samd.crossbar_samd/addr_arbiter_aw/p_1_in                                                                                | u_axi_crossbar_1x2/inst/gen_samd.crossbar_samd/addr_arbiter_ar/SR[0]                                                     |                7 |             28 |         4.00 |
|  pll.clk_pll/inst/cpu_clk   | u_cpu/u_MEM_WB_reg/IF_valid_reg_0[0]                                                                                                                 | u_cpu/u_l2cache/cpu_resetn_reg                                                                                           |               11 |             30 |         2.73 |
|  pll.clk_pll/inst/cpu_clk   | u_cpu/u_icache/resp_echo_block_reg_0[0]                                                                                                              | u_cpu/u_MEM_WB_reg/cpu_resetn_reg_rep_2[0]                                                                               |                5 |             30 |         6.00 |
|  pll.clk_pll/inst/cpu_clk   | u_cpu/u_MEM_WB_reg/csr_tcfg_en_reg[0]                                                                                                                | u_cpu/reset                                                                                                              |               13 |             30 |         2.31 |
|  pll.clk_pll/inst/cpu_clk   | u_cpu/u_IFport/resp_ok                                                                                                                               | u_cpu/u_MEM_WB_reg/dedup_mask_once_reg[0]                                                                                |               10 |             30 |         3.00 |
|  pll.clk_pll/inst/cpu_clk   | u_cpu/u_MEM_WB_reg/csr_num_out_reg[0]_0                                                                                                              | u_cpu/u_MEM_WB_reg/reset_reg_3[0]                                                                                        |               16 |             30 |         1.88 |
|  pll.clk_pll/inst/cpu_clk   | u_cpu/u_IFport/redirect_pc_pending[31]_i_2_n_0                                                                                                       | u_cpu/u_icache/reset_reg[0]                                                                                              |                5 |             32 |         6.40 |
|  pll.clk_pll/inst/cpu_clk   | u_confreg/led_data[15]_i_1_n_0                                                                                                                       |                                                                                                                          |               14 |             32 |         2.29 |
|  pll.clk_pll/inst/cpu_clk   | u_confreg/write_cr4                                                                                                                                  | u_cpu/u_l2cache/cpu_resetn_reg                                                                                           |               14 |             32 |         2.29 |
|  pll.clk_pll/inst/cpu_clk   | u_confreg/write_io_simu                                                                                                                              | u_cpu/u_l2cache/cpu_resetn_reg                                                                                           |                7 |             32 |         4.57 |
|  pll.clk_pll/inst/cpu_clk   | u_confreg/write_cr5                                                                                                                                  | u_cpu/u_l2cache/cpu_resetn_reg                                                                                           |               15 |             32 |         2.13 |
|  pll.clk_pll/inst/cpu_clk   | u_confreg/write_cr7                                                                                                                                  | u_cpu/u_l2cache/cpu_resetn_reg                                                                                           |               15 |             32 |         2.13 |
|  pll.clk_pll/inst/cpu_clk   | u_confreg/write_cr1                                                                                                                                  | u_cpu/u_l2cache/cpu_resetn_reg                                                                                           |               14 |             32 |         2.29 |
|  pll.clk_pll/inst/cpu_clk   | u_confreg/write_cr6                                                                                                                                  | u_cpu/u_l2cache/cpu_resetn_reg                                                                                           |               14 |             32 |         2.29 |
|  pll.clk_pll/inst/cpu_clk   | u_confreg/write_cr0                                                                                                                                  | u_cpu/u_l2cache/cpu_resetn_reg                                                                                           |               14 |             32 |         2.29 |
|  pll.clk_pll/inst/cpu_clk   | u_confreg/write_cr2                                                                                                                                  | u_cpu/u_l2cache/cpu_resetn_reg                                                                                           |               13 |             32 |         2.46 |
|  pll.clk_pll/inst/cpu_clk   | u_cpu/u_MEM_WB_reg/exception_valid_out_reg_5[0]                                                                                                      | u_cpu/reset                                                                                                              |               19 |             32 |         1.68 |
|  pll.clk_pll/inst/cpu_clk   | u_confreg/cr3[31]_i_1_n_0                                                                                                                            | u_cpu/u_l2cache/cpu_resetn_reg                                                                                           |               13 |             32 |         2.46 |
|  pll.clk_pll/inst/timer_clk |                                                                                                                                                      | u_cpu/u_l2cache/cpu_resetn_reg                                                                                           |                8 |             32 |         4.00 |
|  pll.clk_pll/inst/cpu_clk   |                                                                                                                                                      | u_cpu/u_EXE_MEM_reg/SR[0]                                                                                                |               12 |             32 |         2.67 |
|  pll.clk_pll/inst/cpu_clk   | u_cpu/u_dcache/mem_rdata_hold[31]_i_1_n_0                                                                                                            | u_cpu/u_l2cache/cpu_resetn_reg                                                                                           |               11 |             32 |         2.91 |
|  pll.clk_pll/inst/cpu_clk   | u_cpu/u_MEM_WB_reg/tlb_op_out_reg[1]_3[0]                                                                                                            | u_cpu/reset                                                                                                              |               14 |             32 |         2.29 |
|  pll.clk_pll/inst/cpu_clk   | u_cpu/u_MEM_WB_reg/tlb_op_out_reg[1]_4[0]                                                                                                            | u_cpu/reset                                                                                                              |               17 |             32 |         1.88 |
|  pll.clk_pll/inst/cpu_clk   | u_cpu/u_MEM_WB_reg/csr_num_out_reg[0]_3[0]                                                                                                           |                                                                                                                          |               19 |             32 |         1.68 |
|  pll.clk_pll/inst/cpu_clk   | u_cpu/u_MEM_WB_reg/csr_num_out_reg[2]_3[0]                                                                                                           |                                                                                                                          |               20 |             32 |         1.60 |
|  pll.clk_pll/inst/cpu_clk   | u_confreg/conf_wdata_r[31]_i_1_n_0                                                                                                                   |                                                                                                                          |               11 |             32 |         2.91 |
|  pll.clk_pll/inst/cpu_clk   | u_cpu/u_pipeline_controller/reset_reg_1                                                                                                              | u_cpu/reset                                                                                                              |               13 |             32 |         2.46 |
|  pll.clk_pll/inst/cpu_clk   | u_cpu/u_MEM_WB_reg/csr_num_out_reg[1]_0[0]                                                                                                           |                                                                                                                          |               18 |             32 |         1.78 |
|  pll.clk_pll/inst/cpu_clk   | u_cpu/u_MEM_WB_reg/csr_num_out_reg[2]_1[0]                                                                                                           | u_cpu/reset                                                                                                              |               14 |             32 |         2.29 |
|  pll.clk_pll/inst/cpu_clk   | u_cpu/u_MEM_WB_reg/csr_num_out_reg[0]_2[0]                                                                                                           |                                                                                                                          |               17 |             32 |         1.88 |
|  pll.clk_pll/inst/cpu_clk   | u_cpu/u_MEM_WB_reg/csr_num_out_reg[2]_2[0]                                                                                                           | u_cpu/reset                                                                                                              |               22 |             32 |         1.45 |
|  pll.clk_pll/inst/cpu_clk   | u_cpu/u_MEM_WB_reg/csr_num_out_reg[0]_1[0]                                                                                                           | u_cpu/reset                                                                                                              |               20 |             32 |         1.60 |
|  pll.clk_pll/inst/cpu_clk   | u_cpu/u_MEM_WB_reg/csr_num_out_reg[2]_0[0]                                                                                                           | u_cpu/reset                                                                                                              |               22 |             32 |         1.45 |
|  pll.clk_pll/inst/cpu_clk   | u_cpu/u_MEM_WB_reg/exception_valid_out_reg_3[0]                                                                                                      | u_cpu/reset                                                                                                              |               17 |             32 |         1.88 |
|  pll.clk_pll/inst/cpu_clk   | u_cpu/u_IFport/hold_tlb_vaddr                                                                                                                        | u_cpu/u_ID_EXE_reg/reset_reg[0]                                                                                          |                5 |             32 |         6.40 |
|  pll.clk_pll/inst/cpu_clk   | u_axi_crossbar_1x2/inst/gen_samd.crossbar_samd/gen_slave_slots[0].gen_si_read.si_transactor_ar/gen_multi_thread.arbiter_resp_inst/s_axi_rready[0][0] |                                                                                                                          |               15 |             33 |         2.20 |
|  pll.clk_pll/inst/cpu_clk   | u_axi_crossbar_1x2/inst/gen_samd.crossbar_samd/gen_master_slots[0].reg_slice_mi/r.r_pipe/s_ready_i_reg_0                                             |                                                                                                                          |                6 |             33 |         5.50 |
|  pll.clk_pll/inst/cpu_clk   | u_axi_crossbar_1x2/inst/gen_samd.crossbar_samd/gen_master_slots[0].reg_slice_mi/r.r_pipe/p_1_in                                                      |                                                                                                                          |                7 |             33 |         4.71 |
|  pll.clk_pll/inst/cpu_clk   | u_cpu/u_axi_line_bridge/rd_word_sel                                                                                                                  | u_cpu/u_l2cache/cpu_resetn_reg                                                                                           |                7 |             33 |         4.71 |
|  pll.clk_pll/inst/cpu_clk   | u_axi_crossbar_1x2/inst/gen_samd.crossbar_samd/gen_master_slots[1].reg_slice_mi/r.r_pipe/s_ready_i_reg_0                                             |                                                                                                                          |               14 |             33 |         2.36 |
|  pll.clk_pll/inst/cpu_clk   | u_confreg/conf_rdata_reg0                                                                                                                            | u_cpu/u_l2cache/cpu_resetn_reg                                                                                           |               11 |             33 |         3.00 |
|  pll.clk_pll/inst/cpu_clk   | u_confreg/write_led_rg1                                                                                                                              | u_cpu/u_l2cache/cpu_resetn_reg                                                                                           |               14 |             34 |         2.43 |
|  pll.clk_pll/inst/cpu_clk   | u_confreg/write_led_rg0                                                                                                                              | u_cpu/u_l2cache/cpu_resetn_reg                                                                                           |               17 |             34 |         2.00 |
|  pll.clk_pll/inst/cpu_clk   | u_cpu/u_ID_EXE_reg/div_in_valid                                                                                                                      | u_cpu/reset                                                                                                              |               11 |             34 |         3.09 |
|  pll.clk_pll/inst/cpu_clk   | u_cpu/u_l2cache/req_set                                                                                                                              | u_cpu/u_l2cache/cpu_resetn_reg                                                                                           |               11 |             37 |         3.36 |
|  pll.clk_pll/inst/cpu_clk   | u_cpu/u_IFport/hold_tlb_vaddr                                                                                                                        | u_cpu/reset                                                                                                              |               18 |             62 |         3.44 |
|  pll.clk_pll/inst/cpu_clk   | u_confreg/write_num                                                                                                                                  | u_cpu/u_l2cache/cpu_resetn_reg                                                                                           |               24 |             64 |         2.67 |
|  pll.clk_pll/inst/timer_clk |                                                                                                                                                      |                                                                                                                          |               15 |             67 |         4.47 |
|  pll.clk_pll/inst/cpu_clk   | u_cpu/u_l2cache/pf_mshr_addr                                                                                                                         | u_cpu/u_l2cache/cpu_resetn_reg                                                                                           |               30 |             67 |         2.23 |
|  pll.clk_pll/inst/cpu_clk   |                                                                                                                                                      | u_axi_crossbar_1x2/inst/gen_samd.crossbar_samd/addr_arbiter_ar/SR[0]                                                     |               25 |             69 |         2.76 |
|  pll.clk_pll/inst/cpu_clk   | u_cpu/u_dcache/req_way_i_2_n_0                                                                                                                       | u_cpu/u_l2cache/cpu_resetn_reg                                                                                           |               22 |             71 |         3.23 |
|  pll.clk_pll/inst/cpu_clk   |                                                                                                                                                      | u_cpu/reset                                                                                                              |               30 |             85 |         2.83 |
|  pll.clk_pll/inst/cpu_clk   | u_cpu/u_csr_exception_commit_handler/timer_64_reg[0]_1[0]                                                                                            | u_cpu/reset                                                                                                              |               41 |             88 |         2.15 |
|  pll.clk_pll/inst/cpu_clk   | u_cpu/u_csr_exception_commit_handler/tlb_vppn                                                                                                        | u_cpu/reset                                                                                                              |               34 |             88 |         2.59 |
|  pll.clk_pll/inst/cpu_clk   | u_cpu/u_MEM_WB_reg/p_0_in__0                                                                                                                         |                                                                                                                          |               11 |             88 |         8.00 |
|  pll.clk_pll/inst/cpu_clk   | u_cpu/u_csr_exception_commit_handler/E[0]                                                                                                            | u_cpu/reset                                                                                                              |               26 |             88 |         3.38 |
|  pll.clk_pll/inst/cpu_clk   | u_cpu/u_csr_exception_commit_handler/timer_64_reg[1]_2[0]                                                                                            | u_cpu/reset                                                                                                              |               34 |             88 |         2.59 |
|  pll.clk_pll/inst/cpu_clk   | u_cpu/u_csr_exception_commit_handler/timer_64_reg[1]_9[0]                                                                                            | u_cpu/reset                                                                                                              |               33 |             88 |         2.67 |
|  pll.clk_pll/inst/cpu_clk   | u_cpu/u_csr_exception_commit_handler/timer_64_reg[1]_6[0]                                                                                            | u_cpu/reset                                                                                                              |               42 |             88 |         2.10 |
|  pll.clk_pll/inst/cpu_clk   | u_cpu/u_csr_exception_commit_handler/timer_64_reg[1]_5[0]                                                                                            | u_cpu/reset                                                                                                              |               30 |             88 |         2.93 |
|  pll.clk_pll/inst/cpu_clk   | u_cpu/u_csr_exception_commit_handler/timer_64_reg[1]_8[0]                                                                                            | u_cpu/reset                                                                                                              |               51 |             88 |         1.73 |
|  pll.clk_pll/inst/cpu_clk   | u_cpu/u_csr_exception_commit_handler/timer_64_reg[0]_2[0]                                                                                            | u_cpu/reset                                                                                                              |               37 |             88 |         2.38 |
|  pll.clk_pll/inst/cpu_clk   | u_cpu/u_csr_exception_commit_handler/timer_64_reg[1]_0[0]                                                                                            | u_cpu/reset                                                                                                              |               31 |             88 |         2.84 |
|  pll.clk_pll/inst/cpu_clk   | u_cpu/u_csr_exception_commit_handler/timer_64_reg[1]_7[0]                                                                                            | u_cpu/reset                                                                                                              |               32 |             88 |         2.75 |
|  pll.clk_pll/inst/cpu_clk   | u_cpu/u_csr_exception_commit_handler/timer_64_reg[1]_1[0]                                                                                            | u_cpu/reset                                                                                                              |               36 |             88 |         2.44 |
|  pll.clk_pll/inst/cpu_clk   | u_cpu/u_csr_exception_commit_handler/timer_64_reg[0]_3[0]                                                                                            | u_cpu/reset                                                                                                              |               31 |             88 |         2.84 |
|  pll.clk_pll/inst/cpu_clk   | u_cpu/u_csr_exception_commit_handler/timer_64_reg[1]_4[0]                                                                                            | u_cpu/reset                                                                                                              |               46 |             88 |         1.91 |
|  pll.clk_pll/inst/cpu_clk   | u_cpu/u_csr_exception_commit_handler/timer_64_reg[0]_0[0]                                                                                            | u_cpu/reset                                                                                                              |               31 |             88 |         2.84 |
|  pll.clk_pll/inst/cpu_clk   | u_cpu/u_csr_exception_commit_handler/timer_64_reg[1]_3[0]                                                                                            | u_cpu/reset                                                                                                              |               33 |             88 |         2.67 |
|  pll.clk_pll/inst/cpu_clk   | u_cpu/u_pipeline_controller/E[0]                                                                                                                     | u_cpu/u_MEM_WB_reg/reset_reg_4[0]                                                                                        |               28 |             99 |         3.54 |
|  pll.clk_pll/inst/cpu_clk   | u_cpu/u_axi_line_bridge/rd_ret_valid_r                                                                                                               | u_cpu/u_l2cache/cpu_resetn_reg                                                                                           |               40 |            128 |         3.20 |
|  pll.clk_pll/inst/cpu_clk   | u_cpu/u_axi_line_bridge/rd_buf[127]_i_1_n_0                                                                                                          | u_cpu/u_l2cache/cpu_resetn_reg                                                                                           |               40 |            128 |         3.20 |
|  pll.clk_pll/inst/cpu_clk   | u_cpu/u_l2cache/ret_valid_r                                                                                                                          | u_cpu/u_l2cache/cpu_resetn_reg                                                                                           |               93 |            129 |         1.39 |
|  pll.clk_pll/inst/cpu_clk   | u_cpu/u_dcache/victim_tag[19]_i_1_n_0                                                                                                                | u_cpu/u_l2cache/cpu_resetn_reg                                                                                           |               67 |            148 |         2.21 |
|  pll.clk_pll/inst/cpu_clk   | u_cpu/u_dcache/sb_type[1]_i_1_n_0                                                                                                                    | u_cpu/u_l2cache/cpu_resetn_reg                                                                                           |               68 |            159 |         2.34 |
|  pll.clk_pll/inst/cpu_clk   | u_cpu/u_l2cache/E[0]                                                                                                                                 | u_cpu/u_l2cache/cpu_resetn_reg                                                                                           |               63 |            166 |         2.63 |
|  pll.clk_pll/inst/cpu_clk   | u_cpu/u_l2cache/req_type[2]_i_1_n_0                                                                                                                  | u_cpu/u_l2cache/cpu_resetn_reg                                                                                           |               62 |            181 |         2.92 |
|  pll.clk_pll/inst/cpu_clk   | u_cpu/u_l2cache/req_way_i_1__0_n_0                                                                                                                   | u_cpu/u_l2cache/cpu_resetn_reg                                                                                           |              117 |            279 |         2.38 |
|  pll.clk_pll/inst/cpu_clk   | u_cpu/u_pipeline_controller/MEM_valid_reg_rep__1_3[0]                                                                                                | u_cpu/reset                                                                                                              |              131 |            338 |         2.58 |
|  pll.clk_pll/inst/cpu_clk   | u_cpu/u_pipeline_controller/EXE_valid_reg_1[0]                                                                                                       | u_cpu/reset                                                                                                              |               95 |            414 |         4.36 |
|  pll.clk_pll/inst/cpu_clk   | u_cpu/u_pipeline_controller/ID_valid_reg_1[0]                                                                                                        | u_cpu/u_MEM_WB_reg/SR[0]                                                                                                 |              140 |            432 |         3.09 |
|  pll.clk_pll/inst/cpu_clk   |                                                                                                                                                      | u_cpu/u_l2cache/cpu_resetn_reg                                                                                           |              894 |           1200 |         1.34 |
|  pll.clk_pll/inst/cpu_clk   |                                                                                                                                                      |                                                                                                                          |              963 |           4059 |         4.21 |
+-----------------------------+------------------------------------------------------------------------------------------------------------------------------------------------------+--------------------------------------------------------------------------------------------------------------------------+------------------+----------------+--------------+


