
*** Running vivado
    with args -log clk_pll.vds -m64 -product Vivado -mode batch -messageDb vivado.pb -notrace -source clk_pll.tcl


ECHO 处于关闭状态。
ECHO 处于关闭状态。

****** Vivado v2023.2 (64-bit)
  **** SW Build 4029153 on Fri Oct 13 20:14:34 MDT 2023
  **** IP Build 4028589 on Sat Oct 14 00:45:43 MDT 2023
  **** SharedData Build 4025554 on Tue Oct 10 17:18:54 MDT 2023
    ** Copyright 1986-2022 Xilinx, Inc. All Rights Reserved.
    ** Copyright 2022-2023 Advanced Micro Devices, Inc. All Rights Reserved.

source clk_pll.tcl -notrace
create_project: Time (s): cpu = 00:00:08 ; elapsed = 00:00:08 . Memory (MB): peak = 455.059 ; gain = 180.332
INFO: [IP_Flow 19-6924] IPCACHE: Running cache check for IP inst: clk_pll
INFO: [IP_Flow 19-6922] IPCACHE: Exporting cached entry b191b4caa0aae9b3 to dir: E:/Loongarch_cpu/output/vivado_cpu_origin/soc_verify/soc_bram/run_vivado/project/loongson.runs/clk_pll_synth_1
INFO: [IP_Flow 19-6928] IPCACHE: copied cached file e:/Loongarch_cpu/output/vivado_cpu_origin/soc_verify/soc_bram/run_vivado/project/loongson.cache/ip/2023.2/b/1/b191b4caa0aae9b3/clk_pll.dcp to E:/Loongarch_cpu/output/vivado_cpu_origin/soc_verify/soc_bram/run_vivado/project/loongson.runs/clk_pll_synth_1/clk_pll.dcp.
INFO: [IP_Flow 19-6928] IPCACHE: copied cached file e:/Loongarch_cpu/output/vivado_cpu_origin/soc_verify/soc_bram/run_vivado/project/loongson.cache/ip/2023.2/b/1/b191b4caa0aae9b3/clk_pll_sim_netlist.v to E:/Loongarch_cpu/output/vivado_cpu_origin/soc_verify/soc_bram/run_vivado/project/loongson.runs/clk_pll_synth_1/clk_pll_sim_netlist.v.
INFO: [IP_Flow 19-6928] IPCACHE: copied cached file e:/Loongarch_cpu/output/vivado_cpu_origin/soc_verify/soc_bram/run_vivado/project/loongson.cache/ip/2023.2/b/1/b191b4caa0aae9b3/clk_pll_sim_netlist.vhdl to E:/Loongarch_cpu/output/vivado_cpu_origin/soc_verify/soc_bram/run_vivado/project/loongson.runs/clk_pll_synth_1/clk_pll_sim_netlist.vhdl.
INFO: [IP_Flow 19-6928] IPCACHE: copied cached file e:/Loongarch_cpu/output/vivado_cpu_origin/soc_verify/soc_bram/run_vivado/project/loongson.cache/ip/2023.2/b/1/b191b4caa0aae9b3/clk_pll_stub.v to E:/Loongarch_cpu/output/vivado_cpu_origin/soc_verify/soc_bram/run_vivado/project/loongson.runs/clk_pll_synth_1/clk_pll_stub.v.
INFO: [IP_Flow 19-6928] IPCACHE: copied cached file e:/Loongarch_cpu/output/vivado_cpu_origin/soc_verify/soc_bram/run_vivado/project/loongson.cache/ip/2023.2/b/1/b191b4caa0aae9b3/clk_pll_stub.vhdl to E:/Loongarch_cpu/output/vivado_cpu_origin/soc_verify/soc_bram/run_vivado/project/loongson.runs/clk_pll_synth_1/clk_pll_stub.vhdl.
INFO: [IP_Flow 19-4838] Using cached IP synthesis design for IP clk_pll, cache-ID = b191b4caa0aae9b3.
INFO: [Common 17-206] Exiting Vivado at Thu Apr  2 12:23:07 2026...
