
*** Running vivado
    with args -log data_ram.vds -m64 -product Vivado -mode batch -messageDb vivado.pb -notrace -source data_ram.tcl


ECHO 处于关闭状态。
ECHO 处于关闭状态。

****** Vivado v2023.2 (64-bit)
  **** SW Build 4029153 on Fri Oct 13 20:14:34 MDT 2023
  **** IP Build 4028589 on Sat Oct 14 00:45:43 MDT 2023
  **** SharedData Build 4025554 on Tue Oct 10 17:18:54 MDT 2023
    ** Copyright 1986-2022 Xilinx, Inc. All Rights Reserved.
    ** Copyright 2022-2023 Advanced Micro Devices, Inc. All Rights Reserved.

source data_ram.tcl -notrace
create_project: Time (s): cpu = 00:00:07 ; elapsed = 00:00:08 . Memory (MB): peak = 454.266 ; gain = 181.328
INFO: [IP_Flow 19-6924] IPCACHE: Running cache check for IP inst: data_ram
INFO: [IP_Flow 19-6922] IPCACHE: Exporting cached entry c9714761c2f76722 to dir: E:/Loongarch_cpu/output/vivado_cpu_origin/soc_verify/soc_bram/run_vivado/project/loongson.runs/data_ram_synth_1
INFO: [IP_Flow 19-6928] IPCACHE: copied cached file e:/Loongarch_cpu/output/vivado_cpu_origin/soc_verify/soc_bram/run_vivado/project/loongson.cache/ip/2023.2/c/9/c9714761c2f76722/data_ram.dcp to E:/Loongarch_cpu/output/vivado_cpu_origin/soc_verify/soc_bram/run_vivado/project/loongson.runs/data_ram_synth_1/data_ram.dcp.
INFO: [IP_Flow 19-6928] IPCACHE: copied cached file e:/Loongarch_cpu/output/vivado_cpu_origin/soc_verify/soc_bram/run_vivado/project/loongson.cache/ip/2023.2/c/9/c9714761c2f76722/data_ram_sim_netlist.v to E:/Loongarch_cpu/output/vivado_cpu_origin/soc_verify/soc_bram/run_vivado/project/loongson.runs/data_ram_synth_1/data_ram_sim_netlist.v.
INFO: [IP_Flow 19-6928] IPCACHE: copied cached file e:/Loongarch_cpu/output/vivado_cpu_origin/soc_verify/soc_bram/run_vivado/project/loongson.cache/ip/2023.2/c/9/c9714761c2f76722/data_ram_sim_netlist.vhdl to E:/Loongarch_cpu/output/vivado_cpu_origin/soc_verify/soc_bram/run_vivado/project/loongson.runs/data_ram_synth_1/data_ram_sim_netlist.vhdl.
INFO: [IP_Flow 19-6928] IPCACHE: copied cached file e:/Loongarch_cpu/output/vivado_cpu_origin/soc_verify/soc_bram/run_vivado/project/loongson.cache/ip/2023.2/c/9/c9714761c2f76722/data_ram_stub.v to E:/Loongarch_cpu/output/vivado_cpu_origin/soc_verify/soc_bram/run_vivado/project/loongson.runs/data_ram_synth_1/data_ram_stub.v.
INFO: [IP_Flow 19-6928] IPCACHE: copied cached file e:/Loongarch_cpu/output/vivado_cpu_origin/soc_verify/soc_bram/run_vivado/project/loongson.cache/ip/2023.2/c/9/c9714761c2f76722/data_ram_stub.vhdl to E:/Loongarch_cpu/output/vivado_cpu_origin/soc_verify/soc_bram/run_vivado/project/loongson.runs/data_ram_synth_1/data_ram_stub.vhdl.
INFO: [IP_Flow 19-4838] Using cached IP synthesis design for IP data_ram, cache-ID = c9714761c2f76722.
INFO: [Common 17-206] Exiting Vivado at Thu Apr  2 12:23:26 2026...
